Initialized native services in: C:\Users\footb\.gradle\native
Initialized jansi services in: C:\Users\footb\.gradle\native
Received JVM installation metadata from 'C:\Program Files\OpenJDK\jdk-22.0.2': {JAVA_HOME=C:\Program Files\OpenJDK\jdk-22.0.2, JAVA_VERSION=22.0.2, JAVA_VENDOR=Oracle Corporation, RUNTIME_NAME=OpenJDK Runtime Environment, RUNTIME_VERSION=22.0.2+9-70, VM_NAME=OpenJDK 64-Bit Server VM, VM_VERSION=22.0.2+9-70, VM_VENDOR=Oracle Corporation, OS_ARCH=amd64}
Found daemon DaemonInfo{pid=33540, address=[1e884338-66d8-456c-b44d-410c3b4bcd34 port:58114, addresses:[/127.0.0.1]], state=Idle, lastBusy=1772127871037, context=DefaultDaemonContext[uid=f96f003e-ba8a-499d-bead-68342f38c4c2,javaHome=C:\Users\footb\.jdks\corretto-23.0.2,javaVersion=23,javaVendor=Amazon.com Inc.,daemonRegistryDir=C:\Users\footb\.gradle\daemon,pid=33540,idleTimeout=10800000,priority=NORMAL,applyInstrumentationAgent=true,nativeServicesMode=ENABLED,daemonOpts=--add-opens=java.base/java.util=ALL-UNNAMED,--add-opens=java.base/java.lang=ALL-UNNAMED,--add-opens=java.base/java.lang.invoke=ALL-UNNAMED,--add-opens=java.prefs/java.util.prefs=ALL-UNNAMED,--add-exports=jdk.compiler/com.sun.tools.javac.api=ALL-UNNAMED,--add-exports=jdk.compiler/com.sun.tools.javac.util=ALL-UNNAMED,--add-opens=java.base/java.nio.charset=ALL-UNNAMED,--add-opens=java.base/java.net=ALL-UNNAMED,--add-opens=java.base/java.util.concurrent.atomic=ALL-UNNAMED,-XX:MaxMetaspaceSize=384m,-XX:+HeapDumpOnOutOfMemoryError,-Xms256m,-Xmx512m,-Dfile.encoding=windows-1252,-Duser.country=GB,-Duser.language=en,-Duser.variant]} however its context does not match the desired criteria.
JVM is incompatible.
Wanted: DaemonRequestContext{jvmCriteria=C:\Program Files\OpenJDK\jdk-22.0.2 (no JDK specified, using current Java home), daemonOpts=[--add-opens=java.base/java.util=ALL-UNNAMED, --add-opens=java.base/java.lang=ALL-UNNAMED, --add-opens=java.base/java.lang.invoke=ALL-UNNAMED, --add-opens=java.prefs/java.util.prefs=ALL-UNNAMED, --add-exports=jdk.compiler/com.sun.tools.javac.api=ALL-UNNAMED, --add-exports=jdk.compiler/com.sun.tools.javac.util=ALL-UNNAMED, --add-opens=java.base/java.nio.charset=ALL-UNNAMED, --add-opens=java.base/java.net=ALL-UNNAMED, --add-opens=java.base/java.util.concurrent.atomic=ALL-UNNAMED, -XX:MaxMetaspaceSize=384m, -XX:+HeapDumpOnOutOfMemoryError, -Xms256m, -Xmx512m, -Dfile.encoding=UTF-8, -Duser.country=GB, -Duser.language=en, -Duser.variant], applyInstrumentationAgent=true, nativeServicesMode=ENABLED, priority=NORMAL}
Actual: DefaultDaemonContext[uid=f96f003e-ba8a-499d-bead-68342f38c4c2,javaHome=C:\Users\footb\.jdks\corretto-23.0.2,javaVersion=23,javaVendor=Amazon.com Inc.,daemonRegistryDir=C:\Users\footb\.gradle\daemon,pid=33540,idleTimeout=10800000,priority=NORMAL,applyInstrumentationAgent=true,nativeServicesMode=ENABLED,daemonOpts=--add-opens=java.base/java.util=ALL-UNNAMED,--add-opens=java.base/java.lang=ALL-UNNAMED,--add-opens=java.base/java.lang.invoke=ALL-UNNAMED,--add-opens=java.prefs/java.util.prefs=ALL-UNNAMED,--add-exports=jdk.compiler/com.sun.tools.javac.api=ALL-UNNAMED,--add-exports=jdk.compiler/com.sun.tools.javac.util=ALL-UNNAMED,--add-opens=java.base/java.nio.charset=ALL-UNNAMED,--add-opens=java.base/java.net=ALL-UNNAMED,--add-opens=java.base/java.util.concurrent.atomic=ALL-UNNAMED,-XX:MaxMetaspaceSize=384m,-XX:+HeapDumpOnOutOfMemoryError,-Xms256m,-Xmx512m,-Dfile.encoding=windows-1252,-Duser.country=GB,-Duser.language=en,-Duser.variant]

  Looking for a different daemon...
Found daemon DaemonInfo{pid=31324, address=[3a33cdce-1e9e-4359-a3f8-258b3130cdfc port:63927, addresses:[/127.0.0.1]], state=Idle, lastBusy=1772126823672, context=DefaultDaemonContext[uid=cded8272-5d22-4df2-a50a-3b6bf7349a76,javaHome=C:\Users\footb\.antigravity\extensions\redhat.java-1.52.0-win32-x64\jre\21.0.9-win32-x86_64,javaVersion=21,javaVendor=Eclipse Adoptium,daemonRegistryDir=C:\Users\footb\.gradle\daemon,pid=31324,idleTimeout=10800000,priority=NORMAL,applyInstrumentationAgent=true,nativeServicesMode=ENABLED,daemonOpts=--add-opens=java.base/java.util=ALL-UNNAMED,--add-opens=java.base/java.lang=ALL-UNNAMED,--add-opens=java.base/java.lang.invoke=ALL-UNNAMED,--add-opens=java.prefs/java.util.prefs=ALL-UNNAMED,--add-exports=jdk.compiler/com.sun.tools.javac.api=ALL-UNNAMED,--add-exports=jdk.compiler/com.sun.tools.javac.util=ALL-UNNAMED,--add-opens=java.base/java.nio.charset=ALL-UNNAMED,--add-opens=java.base/java.net=ALL-UNNAMED,--add-opens=java.base/java.util.concurrent.atomic=ALL-UNNAMED,-XX:MaxMetaspaceSize=384m,-XX:+HeapDumpOnOutOfMemoryError,-Xms256m,-Xmx512m,-Dfile.encoding=UTF-8,-Duser.country=GB,-Duser.language=en,-Duser.variant]} however its context does not match the desired criteria.
JVM is incompatible.
Wanted: DaemonRequestContext{jvmCriteria=C:\Program Files\OpenJDK\jdk-22.0.2 (no JDK specified, using current Java home), daemonOpts=[--add-opens=java.base/java.util=ALL-UNNAMED, --add-opens=java.base/java.lang=ALL-UNNAMED, --add-opens=java.base/java.lang.invoke=ALL-UNNAMED, --add-opens=java.prefs/java.util.prefs=ALL-UNNAMED, --add-exports=jdk.compiler/com.sun.tools.javac.api=ALL-UNNAMED, --add-exports=jdk.compiler/com.sun.tools.javac.util=ALL-UNNAMED, --add-opens=java.base/java.nio.charset=ALL-UNNAMED, --add-opens=java.base/java.net=ALL-UNNAMED, --add-opens=java.base/java.util.concurrent.atomic=ALL-UNNAMED, -XX:MaxMetaspaceSize=384m, -XX:+HeapDumpOnOutOfMemoryError, -Xms256m, -Xmx512m, -Dfile.encoding=UTF-8, -Duser.country=GB, -Duser.language=en, -Duser.variant], applyInstrumentationAgent=true, nativeServicesMode=ENABLED, priority=NORMAL}
Actual: DefaultDaemonContext[uid=cded8272-5d22-4df2-a50a-3b6bf7349a76,javaHome=C:\Users\footb\.antigravity\extensions\redhat.java-1.52.0-win32-x64\jre\21.0.9-win32-x86_64,javaVersion=21,javaVendor=Eclipse Adoptium,daemonRegistryDir=C:\Users\footb\.gradle\daemon,pid=31324,idleTimeout=10800000,priority=NORMAL,applyInstrumentationAgent=true,nativeServicesMode=ENABLED,daemonOpts=--add-opens=java.base/java.util=ALL-UNNAMED,--add-opens=java.base/java.lang=ALL-UNNAMED,--add-opens=java.base/java.lang.invoke=ALL-UNNAMED,--add-opens=java.prefs/java.util.prefs=ALL-UNNAMED,--add-exports=jdk.compiler/com.sun.tools.javac.api=ALL-UNNAMED,--add-exports=jdk.compiler/com.sun.tools.javac.util=ALL-UNNAMED,--add-opens=java.base/java.nio.charset=ALL-UNNAMED,--add-opens=java.base/java.net=ALL-UNNAMED,--add-opens=java.base/java.util.concurrent.atomic=ALL-UNNAMED,-XX:MaxMetaspaceSize=384m,-XX:+HeapDumpOnOutOfMemoryError,-Xms256m,-Xmx512m,-Dfile.encoding=UTF-8,-Duser.country=GB,-Duser.language=en,-Duser.variant]

  Looking for a different daemon...
The client will now receive all logging from the daemon (pid: 4976). The daemon log file: C:\Users\footb\.gradle\daemon\8.10\daemon-4976.out.log
Starting 6th build in daemon [uptime: 28 mins 30.471 secs, performance: 100%, GC rate: 0.00/s, heap usage: 0% of 512 MiB, non-heap usage: 21% of 384 MiB]
Using 12 worker leases.
Now considering [C:\Users\footb\Desktop\ProcessM-NoSQL] as hierarchies to watch
Watching the file system is configured to be enabled if available
File system watching is active
Starting Build
Transforming foojay-resolver-0.8.0.jar (org.gradle.toolchains:foojay-resolver:0.8.0) with InstrumentationAnalysisTransform
Transforming gson-2.10.1.jar (com.google.code.gson:gson:2.10.1) with InstrumentationAnalysisTransform
Transforming foojay-resolver-0.8.0.jar (org.gradle.toolchains:foojay-resolver:0.8.0) with InstrumentationAnalysisTransform
Transforming foojay-resolver-0.8.0.jar (org.gradle.toolchains:foojay-resolver:0.8.0) with MergeInstrumentationAnalysisTransform
Transforming gson-2.10.1.jar (com.google.code.gson:gson:2.10.1) with InstrumentationAnalysisTransform
Transforming gson-2.10.1.jar (com.google.code.gson:gson:2.10.1) with MergeInstrumentationAnalysisTransform
Transforming foojay-resolver-0.8.0.jar (org.gradle.toolchains:foojay-resolver:0.8.0) with ExternalDependencyInstrumentingArtifactTransform
Transforming gson-2.10.1.jar (com.google.code.gson:gson:2.10.1) with ExternalDependencyInstrumentingArtifactTransform
Settings evaluated using settings file 'C:\Users\footb\Desktop\ProcessM-NoSQL\settings.gradle.kts'.
Projects loaded. Root project using build file 'C:\Users\footb\Desktop\ProcessM-NoSQL\build.gradle.kts'.
Included projects: [root project 'ProcessM_NoSQL']

> Configure project :
Evaluating root project 'ProcessM_NoSQL' using build file 'C:\Users\footb\Desktop\ProcessM-NoSQL\build.gradle.kts'.
Transforming kotlin-gradle-plugin-model-2.1.10.jar (org.jetbrains.kotlin:kotlin-gradle-plugin-model:2.1.10) with InstrumentationAnalysisTransform
Transforming kotlin-gradle-plugin-api-2.1.10.jar (org.jetbrains.kotlin:kotlin-gradle-plugin-api:2.1.10) with InstrumentationAnalysisTransform
Transforming kotlin-gradle-plugin-2.1.10-gradle85.jar (org.jetbrains.kotlin:kotlin-gradle-plugin:2.1.10) with InstrumentationAnalysisTransform
Transforming kotlin-gradle-plugin-idea-proto-2.1.10.jar (org.jetbrains.kotlin:kotlin-gradle-plugin-idea-proto:2.1.10) with InstrumentationAnalysisTransform
Transforming kotlin-gradle-plugin-idea-2.1.10.jar (org.jetbrains.kotlin:kotlin-gradle-plugin-idea:2.1.10) with InstrumentationAnalysisTransform
Transforming kotlin-klib-commonizer-api-2.1.10.jar (org.jetbrains.kotlin:kotlin-klib-commonizer-api:2.1.10) with InstrumentationAnalysisTransform
Transforming kotlin-build-statistics-2.1.10.jar (org.jetbrains.kotlin:kotlin-build-statistics:2.1.10) with InstrumentationAnalysisTransform
Transforming kotlin-util-klib-metadata-2.1.10.jar (org.jetbrains.kotlin:kotlin-util-klib-metadata:2.1.10) with InstrumentationAnalysisTransform
Transforming kotlin-compiler-runner-2.1.10.jar (org.jetbrains.kotlin:kotlin-compiler-runner:2.1.10) with InstrumentationAnalysisTransform
Transforming kotlin-gradle-plugin-annotations-2.1.10.jar (org.jetbrains.kotlin:kotlin-gradle-plugin-annotations:2.1.10) with InstrumentationAnalysisTransform
Transforming kotlin-native-utils-2.1.10.jar (org.jetbrains.kotlin:kotlin-native-utils:2.1.10) with InstrumentationAnalysisTransform
Transforming kotlin-tooling-core-2.1.10.jar (org.jetbrains.kotlin:kotlin-tooling-core:2.1.10) with InstrumentationAnalysisTransform
Transforming kotlin-build-tools-api-2.1.10.jar (org.jetbrains.kotlin:kotlin-build-tools-api:2.1.10) with InstrumentationAnalysisTransform
Transforming gson-2.8.9.jar (com.google.code.gson:gson:2.8.9) with InstrumentationAnalysisTransform
Transforming kotlin-util-klib-2.1.10.jar (org.jetbrains.kotlin:kotlin-util-klib:2.1.10) with InstrumentationAnalysisTransform
Transforming kotlin-util-io-2.1.10.jar (org.jetbrains.kotlin:kotlin-util-io:2.1.10) with InstrumentationAnalysisTransform
Transforming kotlin-daemon-client-2.1.10.jar (org.jetbrains.kotlin:kotlin-daemon-client:2.1.10) with InstrumentationAnalysisTransform
Transforming kotlinx-coroutines-core-jvm-1.6.4.jar (org.jetbrains.kotlinx:kotlinx-coroutines-core-jvm:1.6.4) with InstrumentationAnalysisTransform
Transforming kotlin-gradle-plugin-model-2.1.10.jar (org.jetbrains.kotlin:kotlin-gradle-plugin-model:2.1.10) with InstrumentationAnalysisTransform
Transforming kotlin-gradle-plugin-model-2.1.10.jar (org.jetbrains.kotlin:kotlin-gradle-plugin-model:2.1.10) with MergeInstrumentationAnalysisTransform
Transforming kotlin-gradle-plugin-api-2.1.10.jar (org.jetbrains.kotlin:kotlin-gradle-plugin-api:2.1.10) with InstrumentationAnalysisTransform
Transforming kotlin-gradle-plugin-api-2.1.10.jar (org.jetbrains.kotlin:kotlin-gradle-plugin-api:2.1.10) with MergeInstrumentationAnalysisTransform
Transforming kotlin-gradle-plugin-2.1.10-gradle85.jar (org.jetbrains.kotlin:kotlin-gradle-plugin:2.1.10) with InstrumentationAnalysisTransform
Transforming kotlin-gradle-plugin-model-2.1.10.jar (org.jetbrains.kotlin:kotlin-gradle-plugin-model:2.1.10) with ExternalDependencyInstrumentingArtifactTransform
Transforming kotlin-gradle-plugin-2.1.10-gradle85.jar (org.jetbrains.kotlin:kotlin-gradle-plugin:2.1.10) with MergeInstrumentationAnalysisTransform
Transforming kotlin-gradle-plugin-api-2.1.10.jar (org.jetbrains.kotlin:kotlin-gradle-plugin-api:2.1.10) with ExternalDependencyInstrumentingArtifactTransform
Transforming kotlin-gradle-plugin-idea-proto-2.1.10.jar (org.jetbrains.kotlin:kotlin-gradle-plugin-idea-proto:2.1.10) with InstrumentationAnalysisTransform
Transforming kotlin-gradle-plugin-2.1.10-gradle85.jar (org.jetbrains.kotlin:kotlin-gradle-plugin:2.1.10) with ExternalDependencyInstrumentingArtifactTransform
Transforming kotlin-gradle-plugin-idea-proto-2.1.10.jar (org.jetbrains.kotlin:kotlin-gradle-plugin-idea-proto:2.1.10) with MergeInstrumentationAnalysisTransform
Transforming kotlin-gradle-plugin-idea-2.1.10.jar (org.jetbrains.kotlin:kotlin-gradle-plugin-idea:2.1.10) with InstrumentationAnalysisTransform
Transforming kotlin-gradle-plugin-idea-2.1.10.jar (org.jetbrains.kotlin:kotlin-gradle-plugin-idea:2.1.10) with MergeInstrumentationAnalysisTransform
Transforming kotlin-gradle-plugin-idea-proto-2.1.10.jar (org.jetbrains.kotlin:kotlin-gradle-plugin-idea-proto:2.1.10) with ExternalDependencyInstrumentingArtifactTransform
Transforming kotlin-klib-commonizer-api-2.1.10.jar (org.jetbrains.kotlin:kotlin-klib-commonizer-api:2.1.10) with InstrumentationAnalysisTransform
Transforming kotlin-klib-commonizer-api-2.1.10.jar (org.jetbrains.kotlin:kotlin-klib-commonizer-api:2.1.10) with MergeInstrumentationAnalysisTransform
Transforming kotlin-gradle-plugin-idea-2.1.10.jar (org.jetbrains.kotlin:kotlin-gradle-plugin-idea:2.1.10) with ExternalDependencyInstrumentingArtifactTransform
Transforming kotlin-build-statistics-2.1.10.jar (org.jetbrains.kotlin:kotlin-build-statistics:2.1.10) with InstrumentationAnalysisTransform
Transforming kotlin-build-statistics-2.1.10.jar (org.jetbrains.kotlin:kotlin-build-statistics:2.1.10) with MergeInstrumentationAnalysisTransform
Transforming kotlin-klib-commonizer-api-2.1.10.jar (org.jetbrains.kotlin:kotlin-klib-commonizer-api:2.1.10) with ExternalDependencyInstrumentingArtifactTransform
Transforming kotlin-util-klib-metadata-2.1.10.jar (org.jetbrains.kotlin:kotlin-util-klib-metadata:2.1.10) with InstrumentationAnalysisTransform
Transforming kotlin-util-klib-metadata-2.1.10.jar (org.jetbrains.kotlin:kotlin-util-klib-metadata:2.1.10) with MergeInstrumentationAnalysisTransform
Transforming kotlin-build-statistics-2.1.10.jar (org.jetbrains.kotlin:kotlin-build-statistics:2.1.10) with ExternalDependencyInstrumentingArtifactTransform
Transforming kotlin-compiler-runner-2.1.10.jar (org.jetbrains.kotlin:kotlin-compiler-runner:2.1.10) with InstrumentationAnalysisTransform
Transforming kotlin-compiler-runner-2.1.10.jar (org.jetbrains.kotlin:kotlin-compiler-runner:2.1.10) with MergeInstrumentationAnalysisTransform
Transforming kotlin-util-klib-metadata-2.1.10.jar (org.jetbrains.kotlin:kotlin-util-klib-metadata:2.1.10) with ExternalDependencyInstrumentingArtifactTransform
Transforming kotlin-gradle-plugin-annotations-2.1.10.jar (org.jetbrains.kotlin:kotlin-gradle-plugin-annotations:2.1.10) with InstrumentationAnalysisTransform
Transforming kotlin-gradle-plugin-annotations-2.1.10.jar (org.jetbrains.kotlin:kotlin-gradle-plugin-annotations:2.1.10) with MergeInstrumentationAnalysisTransform
Transforming kotlin-compiler-runner-2.1.10.jar (org.jetbrains.kotlin:kotlin-compiler-runner:2.1.10) with ExternalDependencyInstrumentingArtifactTransform
Transforming kotlin-native-utils-2.1.10.jar (org.jetbrains.kotlin:kotlin-native-utils:2.1.10) with InstrumentationAnalysisTransform
Transforming kotlin-native-utils-2.1.10.jar (org.jetbrains.kotlin:kotlin-native-utils:2.1.10) with MergeInstrumentationAnalysisTransform
Transforming kotlin-gradle-plugin-annotations-2.1.10.jar (org.jetbrains.kotlin:kotlin-gradle-plugin-annotations:2.1.10) with ExternalDependencyInstrumentingArtifactTransform
Transforming kotlin-tooling-core-2.1.10.jar (org.jetbrains.kotlin:kotlin-tooling-core:2.1.10) with InstrumentationAnalysisTransform
Transforming kotlin-tooling-core-2.1.10.jar (org.jetbrains.kotlin:kotlin-tooling-core:2.1.10) with MergeInstrumentationAnalysisTransform
Transforming kotlin-build-tools-api-2.1.10.jar (org.jetbrains.kotlin:kotlin-build-tools-api:2.1.10) with InstrumentationAnalysisTransform
Transforming kotlin-build-tools-api-2.1.10.jar (org.jetbrains.kotlin:kotlin-build-tools-api:2.1.10) with MergeInstrumentationAnalysisTransform
Transforming gson-2.8.9.jar (com.google.code.gson:gson:2.8.9) with InstrumentationAnalysisTransform
Transforming kotlin-tooling-core-2.1.10.jar (org.jetbrains.kotlin:kotlin-tooling-core:2.1.10) with ExternalDependencyInstrumentingArtifactTransform
Transforming gson-2.8.9.jar (com.google.code.gson:gson:2.8.9) with MergeInstrumentationAnalysisTransform
Transforming kotlin-build-tools-api-2.1.10.jar (org.jetbrains.kotlin:kotlin-build-tools-api:2.1.10) with ExternalDependencyInstrumentingArtifactTransform
Transforming kotlin-native-utils-2.1.10.jar (org.jetbrains.kotlin:kotlin-native-utils:2.1.10) with ExternalDependencyInstrumentingArtifactTransform
Transforming kotlin-util-klib-2.1.10.jar (org.jetbrains.kotlin:kotlin-util-klib:2.1.10) with InstrumentationAnalysisTransform
Transforming gson-2.8.9.jar (com.google.code.gson:gson:2.8.9) with ExternalDependencyInstrumentingArtifactTransform
Transforming kotlin-util-klib-2.1.10.jar (org.jetbrains.kotlin:kotlin-util-klib:2.1.10) with MergeInstrumentationAnalysisTransform
Transforming kotlin-util-io-2.1.10.jar (org.jetbrains.kotlin:kotlin-util-io:2.1.10) with InstrumentationAnalysisTransform
Transforming kotlin-util-io-2.1.10.jar (org.jetbrains.kotlin:kotlin-util-io:2.1.10) with MergeInstrumentationAnalysisTransform
Transforming kotlin-daemon-client-2.1.10.jar (org.jetbrains.kotlin:kotlin-daemon-client:2.1.10) with InstrumentationAnalysisTransform
Transforming kotlin-util-klib-2.1.10.jar (org.jetbrains.kotlin:kotlin-util-klib:2.1.10) with ExternalDependencyInstrumentingArtifactTransform
Transforming kotlin-daemon-client-2.1.10.jar (org.jetbrains.kotlin:kotlin-daemon-client:2.1.10) with MergeInstrumentationAnalysisTransform
Transforming kotlin-util-io-2.1.10.jar (org.jetbrains.kotlin:kotlin-util-io:2.1.10) with ExternalDependencyInstrumentingArtifactTransform
Transforming kotlinx-coroutines-core-jvm-1.6.4.jar (org.jetbrains.kotlinx:kotlinx-coroutines-core-jvm:1.6.4) with InstrumentationAnalysisTransform
Transforming kotlinx-coroutines-core-jvm-1.6.4.jar (org.jetbrains.kotlinx:kotlinx-coroutines-core-jvm:1.6.4) with MergeInstrumentationAnalysisTransform
Transforming kotlin-daemon-client-2.1.10.jar (org.jetbrains.kotlin:kotlin-daemon-client:2.1.10) with ExternalDependencyInstrumentingArtifactTransform
Transforming kotlinx-coroutines-core-jvm-1.6.4.jar (org.jetbrains.kotlinx:kotlinx-coroutines-core-jvm:1.6.4) with ExternalDependencyInstrumentingArtifactTransform
Using Kotlin Gradle Plugin gradle85 variant
kotlin scripting plugin: created the scripting discovery configuration: kotlinScriptDef
kotlin scripting plugin: created the scripting discovery configuration: testKotlinScriptDef
All projects evaluated.
Task name matched 'test'
Selected primary task 'test' from project :
Tasks to be executed: [task ':checkKotlinGradlePluginConfigurationErrors', task ':generateGrammarSource', task ':compileKotlin', task ':compileJava', task ':processResources', task ':classes', task ':jar', task ':compileTestKotlin', task ':generateTestGrammarSource', task ':compileTestJava', task ':processTestResources', task ':testClasses', task ':test']
Tasks that were excluded: []
Resolve mutations for :checkKotlinGradlePluginConfigurationErrors (Thread[#721,Execution worker,5,main]) started.
:checkKotlinGradlePluginConfigurationErrors (Thread[#721,Execution worker,5,main]) started.

> Task :checkKotlinGradlePluginConfigurationErrors SKIPPED
Skipping task ':checkKotlinGradlePluginConfigurationErrors' as task onlyIf 'errorDiagnostics are present' is false.
Resolve mutations for :generateGrammarSource (Thread[#721,Execution worker,5,main]) started.
:generateGrammarSource (Thread[#721,Execution worker,5,main]) started.

> Task :generateGrammarSource UP-TO-DATE
Caching disabled for task ':generateGrammarSource' because:
  Build cache is disabled
Skipping task ':generateGrammarSource' as it is up-to-date.
Resolve mutations for :compileKotlin (Thread[#721,Execution worker,5,main]) started.
:compileKotlin (Thread[#721,Execution worker,5,main]) started.
Resolve mutations for :processResources (Thread[#728,Execution worker Thread 8,5,main]) started.
:processResources (Thread[#728,Execution worker Thread 8,5,main]) started.

> Task :processResources UP-TO-DATE
Caching disabled for task ':processResources' because:
  Build cache is disabled
  Not worth caching
Skipping task ':processResources' as it is up-to-date.
Resolve mutations for :generateTestGrammarSource (Thread[#728,Execution worker Thread 8,5,main]) started.
:generateTestGrammarSource (Thread[#728,Execution worker Thread 8,5,main]) started.

> Task :generateTestGrammarSource NO-SOURCE
Skipping task ':generateTestGrammarSource' as it has no source files and no previous output files.
Resolve mutations for :processTestResources (Thread[#728,Execution worker Thread 8,5,main]) started.
:processTestResources (Thread[#728,Execution worker Thread 8,5,main]) started.

> Task :processTestResources UP-TO-DATE
Caching disabled for task ':processTestResources' because:
  Build cache is disabled
  Not worth caching
Skipping task ':processTestResources' as it is up-to-date.

> Task :compileKotlin
Transforming antlr4-4.13.1.jar with BuildToolsApiClasspathEntrySnapshotTransform
Transforming kotlinx-coroutines-core-jvm-1.7.3.jar with BuildToolsApiClasspathEntrySnapshotTransform
Transforming okhttp-4.12.0.jar with BuildToolsApiClasspathEntrySnapshotTransform
Transforming okio-jvm-3.6.0.jar with BuildToolsApiClasspathEntrySnapshotTransform
Transforming kotlin-stdlib-jdk8-1.9.10.jar with BuildToolsApiClasspathEntrySnapshotTransform
Transforming kotlin-stdlib-jdk7-1.9.10.jar with BuildToolsApiClasspathEntrySnapshotTransform
Transforming kotlin-stdlib-2.1.10.jar with BuildToolsApiClasspathEntrySnapshotTransform
Transforming antlr4-runtime-4.13.1.jar with BuildToolsApiClasspathEntrySnapshotTransform
Transforming gson-2.11.0.jar with BuildToolsApiClasspathEntrySnapshotTransform
Transforming commons-compress-1.26.0.jar with BuildToolsApiClasspathEntrySnapshotTransform
Transforming ST4-4.3.4.jar with BuildToolsApiClasspathEntrySnapshotTransform
Transforming antlr-runtime-3.5.3.jar with BuildToolsApiClasspathEntrySnapshotTransform
Transforming org.abego.treelayout.core-1.0.3.jar with BuildToolsApiClasspathEntrySnapshotTransform
Transforming icu4j-72.1.jar with BuildToolsApiClasspathEntrySnapshotTransform
Transforming annotations-23.0.0.jar with BuildToolsApiClasspathEntrySnapshotTransform
Transforming error_prone_annotations-2.27.0.jar with BuildToolsApiClasspathEntrySnapshotTransform
Transforming commons-io-2.15.1.jar with BuildToolsApiClasspathEntrySnapshotTransform
Transforming commons-lang3-3.14.0.jar with BuildToolsApiClasspathEntrySnapshotTransform
Caching disabled for task ':compileKotlin' because:
  Build cache is disabled
Task ':compileKotlin' is not up-to-date because:
  Input property 'sources' file C:\Users\footb\Desktop\ProcessM-NoSQL\src\main\kotlin\pql\executor\PqlQueryExecutor.kt has changed.
file or directory 'C:\Users\footb\Desktop\ProcessM-NoSQL\src\main\java', not found
file or directory 'C:\Users\footb\Desktop\ProcessM-NoSQL\src\main\java', not found
file or directory 'C:\Users\footb\Desktop\ProcessM-NoSQL\src\main\java', not found
file or directory 'C:\Users\footb\Desktop\ProcessM-NoSQL\src\main\java', not found
Kotlin source files: C:\Users\footb\Desktop\ProcessM-NoSQL\src\main\kotlin\app\LogImporter.kt, C:\Users\footb\Desktop\ProcessM-NoSQL\src\main\kotlin\app\PqlInterpreter.kt, C:\Users\footb\Desktop\ProcessM-NoSQL\src\main\kotlin\db\CouchDBManager.kt, C:\Users\footb\Desktop\ProcessM-NoSQL\src\main\kotlin\input\LogFileDetector.kt, C:\Users\footb\Desktop\ProcessM-NoSQL\src\main\kotlin\input\parsers\XESComponent.kt, C:\Users\footb\Desktop\ProcessM-NoSQL\src\main\kotlin\input\parsers\XesParser.kt, C:\Users\footb\Desktop\ProcessM-NoSQL\src\main\kotlin\Main.kt, C:\Users\footb\Desktop\ProcessM-NoSQL\src\main\kotlin\mapper\EventLogToCouchDBMapper.kt, C:\Users\footb\Desktop\ProcessM-NoSQL\src\main\kotlin\model\Event.kt, C:\Users\footb\Desktop\ProcessM-NoSQL\src\main\kotlin\model\EventLog.kt, C:\Users\footb\Desktop\ProcessM-NoSQL\src\main\kotlin\model\Trace.kt, C:\Users\footb\Desktop\ProcessM-NoSQL\src\main\kotlin\pql\executor\PqlQueryExecutor.kt, C:\Users\footb\Desktop\ProcessM-NoSQL\src\main\kotlin\pql\executor\PqlResultFormatter.kt, C:\Users\footb\Desktop\ProcessM-NoSQL\src\main\kotlin\pql\model\PqlQuery.kt, C:\Users\footb\Desktop\ProcessM-NoSQL\src\main\kotlin\pql\parser\AntlrPqlParser.kt, C:\Users\footb\Desktop\ProcessM-NoSQL\src\main\kotlin\pql\parser\CaseChangingCharStream.kt, C:\Users\footb\Desktop\ProcessM-NoSQL\src\main\kotlin\pql\parser\PqlQueryListener.kt, C:\Users\footb\Desktop\ProcessM-NoSQL\src\main\kotlin\pql\translator\PqlFieldMapper.kt, C:\Users\footb\Desktop\ProcessM-NoSQL\src\main\kotlin\pql\translator\PqlToCouchDbTranslator.kt
Java source files: C:\Users\footb\Desktop\ProcessM-NoSQL\build\generated-src\antlr\main\ql\QLLexer.java, C:\Users\footb\Desktop\ProcessM-NoSQL\build\generated-src\antlr\main\ql\QLParser.java, C:\Users\footb\Desktop\ProcessM-NoSQL\build\generated-src\antlr\main\ql\QLParserBaseListener.java, C:\Users\footb\Desktop\ProcessM-NoSQL\build\generated-src\antlr\main\ql\QLParserBaseVisitor.java, C:\Users\footb\Desktop\ProcessM-NoSQL\build\generated-src\antlr\main\ql\QLParserListener.java, C:\Users\footb\Desktop\ProcessM-NoSQL\build\generated-src\antlr\main\ql\QLParserVisitor.java
Script source files: 
Script file extensions: 
Using Kotlin/JVM incremental compilation
[KOTLIN] Kotlin compilation 'jdkHome' argument: C:\Users\footb\.jdks\corretto-23.0.2
Options for KOTLIN DAEMON: IncrementalCompilationOptions(super=CompilationOptions(compilerMode=INCREMENTAL_COMPILER, targetPlatform=JVM, reportCategories=[0, 3], reportSeverity=2, requestedCompilationResults=[0], kotlinScriptExtensions=[]), areFileChangesKnown=true, modifiedFiles=[C:\Users\footb\Desktop\ProcessM-NoSQL\src\main\kotlin\pql\executor\PqlQueryExecutor.kt], deletedFiles=[], classpathChanges=NoChanges, workingDir=C:\Users\footb\Desktop\ProcessM-NoSQL\build\kotlin\compileKotlin\cacheable, multiModuleICSettings=MultiModuleICSettings(buildHistoryFile=C:\Users\footb\Desktop\ProcessM-NoSQL\build\kotlin\compileKotlin\local-state\build-history.bin, useModuleDetection=false), usePreciseJavaTracking=true, icFeatures=IncrementalCompilationFeatures(withAbiSnapshot=false, preciseCompilationResultsBackup=true, keepIncrementalCompilationCachesInMemory=true, enableUnsafeIncrementalCompilationForMultiplatform=false), outputFiles=[C:\Users\footb\Desktop\ProcessM-NoSQL\build\classes\kotlin\main, C:\Users\footb\Desktop\ProcessM-NoSQL\build\kotlin\compileKotlin\cacheable, C:\Users\footb\Desktop\ProcessM-NoSQL\build\kotlin\compileKotlin\local-state])
w: file:///C:/Users/footb/Desktop/ProcessM-NoSQL/src/main/kotlin/pql/executor/PqlQueryExecutor.kt:337:17 Unchecked cast of 'kotlin.Comparable<*>' to 'kotlin.Comparable<kotlin.Any>'.
Finished executing kotlin compiler using DAEMON strategy
Resolve mutations for :compileJava (Thread[#721,Execution worker,5,main]) started.
:compileJava (Thread[#721,Execution worker,5,main]) started.

> Task :compileJava FAILED
./gradlew : 
At line:1 char:1
+ ./gradlew test --tests "pql.PqlInterpreterTest.groupEventByStandardAt ...
+ ~~~~~~~~~~~~~~~~~~~~~~~~~~~~~~~~~~~~~~~~~~~~~~~~~~~~~~~~~~~~~~~~~~~~~
    + CategoryInfo          : NotSpecified: (:String) [], RemoteException
    + FullyQualifiedErrorId : NativeCommandError
 
FAILURE: Build failed with an exception.

* What went wrong:
A problem was found with the configuration of task ':compileJava' (type 'JavaCompile').
  - Gradle detected a problem with the following location: 
'C:\Users\footb\Desktop\ProcessM-NoSQL\build\generated-src\antlr\main'.
    
    Reason: Task ':compileJava' uses this output of task ':generateTestGrammarSource' without declaring an explicit or 
implicit dependency. This can lead to incorrect results being produced, depending on what order the tasks are executed.
    
    Possible solutions:
      1. Declare task ':generateTestGrammarSource' as an input of ':compileJava'.
      2. Declare an explicit dependency on ':generateTestGrammarSource' from ':compileJava' using Task#dependsOn.
      3. Declare an explicit dependency on ':generateTestGrammarSource' from ':compileJava' using Task#mustRunAfter.
    
    For more information, please refer to 
https://docs.gradle.org/8.10/userguide/validation_problems.html#implicit_dependency in the Gradle documentation.

* Try:
> Run with --stacktrace option to get the stack trace.
> Run with --debug option to get more log output.
> Run with --scan to get full insights.
> Get more help at https://help.gradle.org.

BUILD FAILED in 2s
5 actionable tasks: 2 executed, 3 up-to-date
Watched directory hierarchies: [C:\Users\footb\Desktop\ProcessM-NoSQL]
